// Jest Snapshot v1, https://goo.gl/fbAQLP

exports[`Pruebas en GifExpertApp Debe renderizar correctamente 1`] = `
<Fragment>
  <h2>
    GifExpertApp
  </h2>
  <AddCategory
    setCategories={[Function]}
  />
  <hr />
  <ol>
    <GifGrid
      category="Dragon Ball"
      key="Dragon Ball"
    />
    <GifGrid
      category="Naruto"
      key="Naruto"
    />
    <GifGrid
      category="Saint Seiya"
      key="Saint Seiya"
    />
  </ol>
</Fragment>
`;
